[sites.google.com/view/marinersfan824/homee486.html]
[backblue.gif]
[fade.gif]
[index.html]
[ssl.gstatic.com/atari/images/simple-header-blended-small.png]
[sites.google.com/view/marinersfan824/homefd93.html]
[apis.google.com/js/clientc932.js]
[sites.google.com/view/marinersfan824/home.html]
[sites.google.com/view/marinersfan824/datapacks.html]
[sites.google.com/view/marinersfan824/mods.html]
[sites.google.com/view/marinersfan824/homee486.html]
[sites.google.com/view/marinersfan824/homefd93.html]
[sites.google.com/view/marinersfan824/home.html]
[sites.google.com/view/marinersfan824/community-feedback.html]
[sites.google.com/view/marinersfan824/obsidian-to-crying-obsidian.html]
[sites.google.com/view/marinersfan824/better-zombie-loot.html]
[sites.google.com/view/marinersfan824/craftable-tridents.html]
[sites.google.com/view/marinersfan824/datapacks.html]
[sites.google.com/view/marinersfan824/mods.html]
[sites.google.com/view/marinersfan824/community-feedback.html]
[sites.google.com/view/marinersfan824/obsidian-to-crying-obsidian.html]
[sites.google.com/view/marinersfan824/better-zombie-loot.html]
[sites.google.com/view/marinersfan824/craftable-tridents.html]
[sites.google.com/view/marinersfan824/pvp-datapack.html]
[sites.google.com/view/marinersfan824/pvp-datapack.html]
